walter extra is a german award-winning aerobatic pilot , chief aircraft designer and founder of extra flugzeugbau -lrb- extra aircraft construction -rrb- , a manufacturer of aerobatic aircraft .
aaron hohlbein -lrb- born august 16 , 1985 in middleton , wisconsin -rrb- is an american soccer player who is currently without a club .
majda vrhovnik -lrb- nom de guerre lojzka -rrb- -lrb- 14 april 1922 -- 4 may 1945 -rrb- was a slovene communist and medical student .
linda hayden -lrb- born 19 january 1953 -rrb- is an english film and television actress and the sister of actress jane hayden .
craig starcevich -lrb- born 16 may 1967 -rrb- is a former australian rules footballer who played in the vfl/afl .
joseph dorville `` joe '' walter -lrb- 16 august 1895 -- 23 may 1995 -rrb- was a professional footballer , who played for bristol rovers , huddersfield town , taunton united and bath city .
ma leilei -lrb- ; born march 22 , 1989 in tianjin -rrb- is a chinese football player who currently plays for tianjin teda in the chinese super league .
henrik gulden -lrb- born 29 december 1995 -rrb- is a norwegian footballer who plays as a midfielder .
tony steratore has been an american football official in the national football league -lrb- nfl -rrb- since the 2000 nfl season , who wears uniform number 112 .
john peter featherston -lrb- november 28 , 1830 -- 1917 -rrb- was the mayor of ottawa , ontario , canada , from 1874 to 1875 .
larisa grigorievna matros -lrb- -rrb- is a sociologist , philosopher , writer , literary critic , and poet .
amritsar govindsingh kripal singh -lrb- 6 august 1933 , madras -- 22 july 1987 , madras -rrb- was an indian test cricketer .
jon tester -lrb- born august 21 , 1956 -rrb- is the senior united states senator from montana , serving since 2007 .
john `` jack '' mccall -lrb- ; 1852 or 1853 -- march 3 , 1877 -rrb- , also known as `` crooked nose jack '' or `` broken nose jack '' , was the murderer of old west legend wild bill hickok , shooting him from behind while he played poker at nuttal & mann 's saloon in deadwood , dakota territory on august 2 , 1876 .
holger wehlage -lrb- born july 3 , 1976 in meppen -rrb- is a former german football player who last played for bsv Ölper 2000 .
christian tshimanga kabeya -lrb- born 16 june 1987 -rrb- is a belgian footballer , who currently plays for heath hayes f.c. .
hussain dawood -lrb- -rrb- -lrb- born 1943 -rrb- is a pakistani industrialist , educationist and philanthropist , with origins from bantva , gujarat in western india .
italo mus -lrb- 4 april 1892 -- 15 may 1967 -rrb- was an italian painter .
mausami gurung , -lrb- -rrb- is a singer , song-writer of nepal .
james alfred ` jimmy ' moody -lrb- 27 february 1941 , looe , cornwall - 1 june 1993 , hackney , london -rrb- was an english gangster and hitman whose career spanned more than four decades and included run-ins with jack spot , billy hill , `` mad '' frankie fraser , the krays , the richardsons and the provisional ira .
craig harold paquette -lrb- ; born march 28 , 1969 -rrb- , is a former professional baseball player who played third base in the major leagues from 1993-2003 .
roger staub -lrb- 1 july 1936 -- 30 june 1974 -rrb- was an alpine ski racer and olympic gold medalist from switzerland .
herbert `` herbie '' kronowitz , originally theodore `` ted '' kronowitz -lrb- september , 1923 -- november 9 , 2012 -rrb- , was an american middleweight boxer who fought in the ring from 1941 to 1950 .
arthur arnould -lrb- 17 april 1833 , dieuze - 26 november 1895 -rrb- was a french writer , and journalist .
emanuelis zingeris -lrb- born july 16 , 1957 in kaunas , lithuania -rrb- is a lithuanian philologist , museum director , politician , signatory of the 1990 act of the re-establishment of the state of lithuania , currently serving as a member of the seimas -lrb- 1990 -- 2000 and since 2004 -rrb- , chairman of its foreign affairs committee -lrb- since 2010 -rrb- , vice president of the parliamentary assembly of the council of europe -lrb- since 2009 -rrb- and president of the parliamentary forum of the community of democracies -lrb- since 2010 -rrb- .
piet van zyl -lrb- born 14 may 1979 -rrb- is a namibian rugby union player who captained the boland cavaliers in south africa at provincial level , and played for the at international level .
dinara mubinovna safina -lrb- ; , born april 27 , 1986 in moscow -rrb- is a former world no. 1 tatar born-russian professional tennis player .
ward m. williams -lrb- june 26 , 1923 -- december 17 , 2005 -rrb- was an american professional basketball player .
robert carrier -lrb- born june 3 , 1941 in montreal , quebec -rrb- is a canadian politician , a bloc québécois member of the canadian house of commons .
eddio victorino inostroza ibacache -lrb- born 3 september 1946 -rrb- is a chilean former footballer and manager .
jean-marie le pen -lrb- ; born 20 june 1928 -rrb- is a french politician who led the national front party from its foundation in 1972 until 2011 .
carlene m. walker is an american politician and businesswoman from utah .
miyagino nishikinosuke -lrb- 宮城野 錦之助 , 1744 - july 18 , 1798 -rrb- was a japanese sumo wrestler .
ernest erbstein , `` hungarian : erbstein ernő '' , -lrb- 13 may 1898 - 4 may 1949 -rrb- commonly known as ernest egri-erbstein was a jewish-hungarian football player and later manager from nagyvárad ; now known as oradea in romania .
presley thornton -lrb- 1721 - december 8 , 1769 -rrb- was a planter and public official in colonial virginia .
james donald walsh -lrb- born 1946 -rrb- is an american diplomat and foreign service officer .
george `` tod '' collins -lrb- 30 january 1876 -- 24 august 1942 -rrb- was an australian rules footballer who played with essendon in the victorian football league -lrb- vfl -rrb- .
roman neustädter -lrb- born 18 february 1988 -rrb- is an ukrainian-born german professional footballer who plays as a defensive midfielder for fc schalke 04 .
llewellyn heycock , baron heycock cbe -lrb- 12 august 1905 -- 13 march 1990 -rrb- was a welsh local politician , who became a life peer in 1967 .
kia mcneill -lrb- born may 15 , 1986 -rrb- was an american professional soccer defender who played for the boston breakers in the nwsl .
james ruse -lrb- 9 august 1759/17605 september 1837 -rrb- was a cornish farmer who , at the age of 23 , was convicted of breaking and entering and was sentenced to seven years ' transportation to australia .
james blanding sloan -lrb- september 19 , 1886 -- october 5 , 1975 -rrb- , also known as blanding sloan , was an american illustrator , engraver , set designer and painter .
timmy fleming -lrb- born 1969 in killorglin , county kerry -rrb- is an irish former sportsman .
orestes lópez valdés -lrb- august 29 , 1908 -- january 26 , 1991 -rrb- , nicknamed macho , was a cuban multi-instrumentalist , composer and bandleader , founder of the orquesta sinfónica nacional de cuba .
john green -lrb- 1881 -- 1968 -rrb- was a rugby union international who represented england from 1905 to 1907 .
heddy honigmann -lrb- 1951 -rrb- is a peruvian-born dutch director of fictional and documentary films .
vester pegg -lrb- may 23 , 1889 -- february 19 , 1951 -rrb- was an american actor of the silent film era .
daniel guérard -lrb- born april 9 , 1974 -rrb- is a canadian retired professional ice hockey player .
jordon mcgrotty -lrb- born 10 february 1994 -rrb- is a professional footballer who is currently a free agent .
giuseppe francica-nava de bontifè -lrb- 23 july 1846 -- 7 december 1928 -rrb- was an italian cardinal of the catholic church who served as archbishop of catania from 1895 until his death , and was elevated to the cardinalate in 1899 .
luo xi ; -lrb- born december 1960 -rrb- is the vice president of the industrial and commercial bank of china -lrb- icbc -rrb- , one of the world 's largest banks by assets and market value .
bundit ungrangsee -lrb- ; , born december 7 , 1970 -rrb- is an international symphonic conductor .
walter raymond drake -lrb- 1913 -- 1989 -rrb- was a british disciple of charles fort and writer .
john michael `` red '' corriden -lrb- september 4 , 1887 -- september 28 , 1959 -rrb- was a player , coach , manager and scout in american major league baseball .
robert michael iler -lrb- born march 2 , 1985 -rrb- is an american actor , known for his portrayal of a.j. soprano on `` the sopranos '' which aired on hbo from 1999 to 2007 .
juan carlos Álvarez vega -lrb- born 2 may 1954 in el entrego , asturias -rrb- is a spanish retired football midfielder and manager .
ma lik , gbs , jp -lrb- b. 23 february 1952 , guangzhou , guangdong , china -- d. 8 august 2007 -rrb- , was a legislative councillor , and was the chairman of the democratic alliance for betterment of hong kong -lrb- dab -rrb- , a pro-beijing political party in hong kong .
françois le métel de boisrobert -lrb- 1 august 1592 -- 30 march 1662 -rrb- was a french poet , playwright , and courtier .
mark baguley -lrb- born 21 may 1987 -rrb- is a professional australian rules footballer , currently playing for the essendon football club in the australian football league -lrb- afl -rrb- .
jole fierro -lrb- 22 november 1926 - 27 march 1988 -rrb- was an italian actress .
houssem chemali -lrb- born 26 june 1991 in bordj bou arréridj -rrb- is an algerian footballer who plays for monza in the lega pro prima divisione .
samu wara -lrb- born 24 january 1986 in sydney -rrb- is an australian professional rugby union footballer .
manuel antônio Álvares de azevedo -lrb- september 12 , 1831 -- april 25 , 1852 -rrb- , affectionately called `` maneco '' by his close friends , relatives and admirers , was a brazilian romantic poet , short story writer , playwright and essayist , considered to be one of the major exponents of ultra-romanticism and gothic literature in brazil .
thambiah `` terry '' pathmanathan -lrb- born 9 february 1956 -rrb- is a former singapore international footballer who played as a defender .
cliff marshall -lrb- born 4 november 1955 -rrb- is a former professional association footballer who is best known for being the first black player to play for everton fc .
liu dianzuo -lrb- chinese : 刘殿座 ; pinyin : `` liú diànzuò '' ; born 26 june 1990 in dalian -rrb- is a chinese footballer who currently plays for guangzhou r&f in the chinese super league .
the warratahs are a band from wellington , new zealand .
harold herman raether -lrb- born october 10 , 1932 , at lake mills , wisconsin -rrb- , nicknamed `` bud '' , is an american former major league baseball pitcher .
william murray happer -lrb- born october 4 , 1972 -rrb- is an american professional wrestler and trainer , best known by his ring name otto schwanz .
sheila mae townsend -lrb- born october 2 , 1980 -rrb- is a canadian female professional basketball player .
tanya lacey -lrb- born 2 march 1986 -rrb- is a british recording artist , songwriter and composer .
al-sultana raadhafathi sri suvama abaarana mahaa rehendhi -lrb- dhivehi : އައްސުލްޠާނާ ރާދަފަތި ސިރީ ސުވަމަ އަބާރަނަ މަހާރެހެންދި -rrb- was the sultana -lrb- queen -rrb- of the maldives in 1380 .
ryan lindley -lrb- born june 22 , 1989 -rrb- is an american football quarterback for the new england patriots of the national football league -lrb- nfl -rrb- .
roberto la rocca -lrb- born 9 july 1991 -rrb- is a venezuelan racing driver .
thomas boberg -lrb- born 5 may 1960 in roskilde -rrb- is a danish poet and travel writer .
marguerite clark -lrb- february 22 , 1883 -- september 25 , 1940 -rrb- was an american stage and silent film actress .
tamsin cook -lrb- born 1998 -rrb- is an australian competitive swimmer who won the gold medal in the 400 meter freestyle at the 2015 fina world junior swimming championships in singapore in a new championships record .
ryan fisher -lrb- born 7 september 1983 in riverside , california -rrb- is an american international motorcycle speedway rider .
fannie lou hamer -lrb- ; born fannie lou townsend ; october 6 , 1917 -- march 14 , 1977 -rrb- was an american voting rights activist , civil rights leader , and philanthropist .
brian james `` b. j. '' symons -lrb- born november 19 , 1980 -rrb- is a former american football quarterback .
eduard pavlovich muzychuk -lrb- ; born february 14 , 1990 -rrb- is a russian professional football player .
gordon joseph reid -lrb- february 19 , 1910 -- november 12 , 1994 -rrb- was a professional ice hockey defenceman who played in one national hockey league game for the new york americans during the 1936 -- 37 nhl season .
anthony dean `` tony '' geary -lrb- born may 29 , 1947 -rrb- is an american actor .
michael scott kirkman -lrb- born september 18 , 1986 -rrb- is an american professional baseball pitcher who is currently a free agent .
rob harvey is a visual effects artist who has done visuals on period adventure films such as `` gladiator '' , `` troy '' and `` clash of the titans '' .
arvid mörne -lrb- born 6 may 1876 in kuopio , dead 15 june 1946 in kauniainen -rrb- was a finnish author and poet .
david sánchez badillo -lrb- born september 25 , 1977 -rrb- , better known as tempo , is a puerto rican rapper and songwriter .
judson `` jud '' gilbert ii -lrb- born january 22 , 1952 -rrb- was a member of the michigan legislature .
arshak sarkissian -lrb- -rrb- , is an armenian painter artist , born on december 26 , 1981 in the city of gyumri .
jan müller-wieland -lrb- born 30 march 1966 in hamburg -rrb- is a german composer and conductor of classical music and an academic teacher .
benjamin caine hollioake -lrb- 11 november 1977 -- 23 march 2002 -rrb- was a cricketer who played for surrey county cricket club and the england cricket team .
tamar the great -lrb- -rrb- -lrb- 1160 -- 18 january 1213 -rrb- reigned as queen regnant of georgia from 1184 to 1213 , presiding over the apex of the georgian golden age .
vice admiral sir peter maxwell compston kcb -lrb- 12 september 1915 -- 20 august 2000 -rrb- was a royal navy officer who became deputy supreme allied commander atlantic .
philip j. reed is a game designer who has worked primarily on role-playing games .
pierre-luc létourneau-leblond -lrb- born june 4 , 1985 -rrb- is a canadian professional ice hockey left winger who is currently with the wilkes-barre/scranton penguins of the american hockey league .
nigel worden -lrb- born 27 march 1955 -rrb- is professor of history and head of the historical studies department at the university of cape town , south africa .
samuel babson `` sam '' fuld -lrb- born november 20 , 1981 -rrb- is an american professional baseball outfielder for the oakland athletics of major league baseball .
william baker kinne -lrb- march 22 , 1874 -- october 1 , 1929 -rrb- was a republican politician from idaho .
kevin tillman -lrb- born january 24 , 1978 in san jose , california -rrb- is an american anti -- iraq war activist , a former u.s. army soldier and former minor league baseball second baseman .
nancy elizabeth prophet -lrb- march 19 , 1890 -- 1960 -rrb- was an american sculptor .
john chubb -lrb- 1816 -- 1872 -rrb- , was an english locksmith and inventor .
jordan murdoch -lrb- born 23 march 1992 -rrb- is an australian rules football player at the geelong football club in the australian football league -lrb- afl -rrb- .
park kyung-wan -lrb- born july 11 , 1972 in jeonju , jeollabuk-do , south korea -rrb- is a former south korean baseball catcher and current general 2nd manager of sk wyverns in the korea baseball organization .
ramón landestoy troncoso -lrb- born february 16 , 1983 -rrb- is a dominican professional baseball pitcher in the los angeles dodgers organization .
alexis kanner -lrb- 2 may 1942 in bagnères-de-luchon , france - 13 december 2003 in london , england -rrb- was a french-born english actor , most notable for appearing in the ground-breaking tv series `` the prisoner '' .
yuri sergeevich savenko -lrb- -rrb- is a russian psychiatrist , the president since 1989 of the independent psychiatric association of russia .
joanne morgan -lrb- born 13 september 1974 -rrb- is an australian netball player .
márcio roberto dos santos , best known as márcio santos -lrb- born september 15 , 1969 -rrb- is a former association footballer , who played as a defender for such teams as internacional , fiorentina and ajax .
luke durbridge -lrb- born 9 april 1991 -rrb- is an australian road and track cyclist specialising in the individual time trial , road races , and various track cycling events .
kodi smit-mcphee -lrb- born 13 june 1996 -rrb- is an australian actor .
brett lane -lrb- born 30 july 1988 -rrb- is an australian rugby league footballer who currently plays for canterbury bulldogs in the national rugby league .
josé carlos bauer -lrb- november 21 , 1925 -- february 4 , 2007 -rrb- , commonly known as `` bauer '' , was a former brazilian football player and manager .
christopher meyer -lrb- born november 28 , 1948 -rrb- is an innovator , business builder , author , founder of monitor talent -lrb- part of monitor group -rrb- , and thought leader on the future of the global economy .
ben morley -lrb- born 20 december 1980 -rrb- is an english footballer who played in the football league for boston united and hull city .
sergio darío herrera month -lrb- born 15 march 1981 in barrancabermeja -rrb- is a colombian footballer who is currently playing for deportivo cali in the categoría primera a.
eugen bari -lrb- born 24 june 1971 -rrb- is a former professional slovak football forward of romani descent , and currently manager of tj sklotatran poltár .
: `` for a god , see sarruma . ''
aivars endziņš -lrb- born december 8 , 1940 in riga -rrb- is a latvian lawyer and politician .
björn bjurling -lrb- born 21 august 1979 in stockholm , sweden -rrb- is a swedish professional ice hockey goaltender , currently without a contract .
roman vladimirovich balashov -lrb- , born february 9 , 1977 in moscow -rrb- is a russian water polo player who played on the silver medal squad at the 2000 summer olympics and the bronze medal squad at the 2004 summer olympics .
aniello panariello -lrb- born 8 october 1988 -rrb- is an italian footballer who plays for pergocrema .
kai eckhardt -lrb- 15 june 1961 -rrb- is a german born musician and composer who plays bass , best known for his work with john mclaughlin , vital information , torsten de winkel , billy cobham and garaj mahal -- a band he co-founded .
norman kaye panama -lrb- april 21 , 1914 -- january 13 , 2003 -rrb- was an american screenwriter and film director born in chicago , illinois .
brian anthony bruney -lrb- born february 17 , 1982 -rrb- is an american former professional baseball pitcher .
dwight anthony pezzarossi garcía born -lrb- 4 september 1979 in guatemala city , guatemala -rrb- is a retired professional football forward who last played for comunicaciones in the liga nacional de guatemala .
ambassador mary ann peters -lrb- born 1951 in california -rrb- was united states ambassador to bangladesh from 2000 to 2003 .
antonio amador josé de nariño bernardo del casal -lrb- santa fé de bogotá , colombia 1765-1824 villa de leyva , colombia -rrb- was an ideological colombian precursor and one of the early political and military leaders of the independence movement in the new granada -lrb- present day colombia . -rrb-
ben wilkins is a british re-recording mixer .
john garibaldi sargent -lrb- october 13 , 1860march 5 , 1939 -rrb- was an american lawyer and government official .
arthur pilbrow -lrb- 18 may 1902 -- 16 july 1987 -rrb- was a british fencer .
daniel plaza montero -lrb- born 3 july 1966 -rrb- is a spanish former race walker who competed in the 20 km event at the 1988 , 1992 and 1996 olympics .
pichet in-bang -lrb- thai พิเชษฐ์ อินทร์บาง -rrb- is a thai footballer .
vladyslav pavlenko -lrb- ; born 5 april 1994 in nikopol , dnipropetrovsk oblast , ukraine -rrb- is a professional ukrainian football midfielder who currently plays for belarusian premier league club vitebsk .
pj perez -lrb- born august 4 , 1976 -rrb- is an american editor , writer and musician , best known for his reports and commentary on las vegas culture in such publications as `` rolling stone '' .
albert brudzewski , `` also '' albert blar -lrb- of brudzewo -rrb- , albert of brudzewo or wojciech brudzewski -lrb- in latin , `` albertus de brudzewo '' ; c. 1445 -- c. 1497 -rrb- was a polish astronomer , mathematician , philosopher and diplomat .
michael sherard -lrb- 17 july 1910 -- 26 december 1998 -rrb- was a british fashion designer and a member of the incorporated society of london fashion designers , which represented the british couture industry in the wartime and post-war years .
belinda braza -lrb- born 30 november 1981 in bergen , norway -rrb- is a norwegian singer , choreographer , artist , actor , and the older sister of singer myrna braza .
valeri olegovich zrumov -lrb- ; born november 21 , 1988 -rrb- is a russian professional football player who last played for fc olimpia gelendzhik .
miroslav vulićević -lrb- serbian cyrillic : Мирослав Вулићевић ; born 29 may 1985 -rrb- is a serbian professional footballer who plays for partizan , as a right-back .
james `` jimmy '' conrad -lrb- born february 12 , 1977 -rrb- is an american retired soccer defender and currently a host on the youtube channel , kicktv .
richard ` rick ' fenn -lrb- born 23 may 1953 -rrb- is an english rock guitarist .
norrie paramor -lrb- born norman william paramor ; 15 may 1914 -- 9 september 1979 -rrb- was a british record producer , composer , arranger and orchestral conductor .
vladimir mikhaylovich barnashov -lrb- ; born 26 february 1951 -rrb- is a soviet former biathlete .
heather elizabeth `` hedy '' burress -lrb- born october 3 , 1973 -rrb- is an american actress .
texe w. marrs -lrb- born 1944 -rrb- is an american writer , who runs a christian ministry called power of prophecy ministries , based in austin , texas .
vladimir petrovich kuts -lrb- , 7 february 1927 -- 16 august 1975 -rrb- was a soviet long-distance runner .
dina spybey -lrb- born august 29 , 1965 -rrb- is an american actress , known as dina waters since her 2000 wedding to director mark waters .
dave mcdaniels -lrb- born april 9 , 1945 -rrb- is a former professional american football wide receiver in the national football league .
daniel arsham -lrb- born 1980 in cleveland , ohio -rrb- is a contemporary american artist raised in miami , florida .
dr. endre gyimesi -lrb- born october 20 , 1952 -rrb- is a hungarian historian and politician , member of the national assembly -lrb- mp -rrb- for zalaegerszeg -lrb- zala county constituency i -rrb- .
the chorus paulinus or chopa is a choir in the philippines .
black sheep , a rochester , new york-based 1970s united states rock music band , was one of vocalist lou gramm 's early working bands -lrb- it followed poor heart , which broke up c. 1970 -rrb- .
don carmody -lrb- born in rhode island -rrb- is a film producer that started his own production company called `` don carmody productions '' in 1980 and his credits include some 90 films thus far .
mark bew mbe is chairman of the uk government 's bim task group , a body created to drive implementation of building information modelling -lrb- bim -rrb- across uk public sector construction projects .
chris ryder , -lrb- born august 22 , 1980 in aylesbury -rrb- is a professional squash player who represents england .
victoria lynn shaw -lrb- born july 13 , 1962 in manhattan , new york city , new york -rrb- is an american country music artist .
oliver burgess -lrb- born 12 october 1981 in ascot , england -rrb- is a professional football player currently playing for southern football league division one central side slough town .
yen chiu-lai -lrb- -rrb- is a politician in the republic of china .
jeff shattler -lrb- born december 26 , 1984 in edmonton , alberta -rrb- is a lacrosse player for the calgary roughnecks in the national lacrosse league .
vladimír michálek -lrb- born november 2 , 1956 , mladá boleslav -rrb- is a czech film director and screenwriter .
peter beales mbe , -lrb- 22 july 1936 -- 26 january 2013 -rrb- was a british rosarian , author and lecturer .
joseph francis farley -lrb- 22 june 1889 -- 25 november 1974 -rrb- served as the ninth commandant of the united states coast guard from 1946 to 1949 .
hugh geoffroy millais -lrb- 23 december 1929 -- 4 july 2009 -rrb- was a british author and actor known for his film collaborations with director robert altman .
john egan -lrb- born 20 october 1992 -rrb- is an irish footballer who plays for gillingham as a defender .
giuseppe michele stratico -lrb- 31 july 1728 -- 31 january 1783 -rrb- was a venetian composer and violinist .
timba harris -lrb- born september 21 , 1977 -rrb- is a violinist , violist , trumpet player , and composer .
fred morrison -lrb- born 1963 -rrb- is a scottish musician and composer .
stanley anthony woods -lrb- born october 11 , 1965 -rrb- is a former professional american football linebacker in the national football league who played for the seattle seahawks from 1987 to 1992 , as well as the los angeles rams and the washington redskins .
jindřich skácel -lrb- born 3 november 1979 -rrb- is a czech football goalkeeper .
george edward `` stump '' wiedman -lrb- february 17 , 1861 -- march 2 , 1905 -rrb- was an american professional baseball player from 1880 to 1893 .
george m. white faia -lrb- november 1 , 1920 -- june 17 , 2011 -rrb- was an american architect who served as the architect of the capitol from january 27 , 1971 to november 21 , 1995 .
adam gregory -lrb- born july 12 , 1985 -rrb- is a canadian country music singer-songwriter and actor .
rajneesh duggal is an indian film actor and a former model .
leonard david sachs -lrb- august 7 , 1897 -- october 27 , 1942 -rrb- was an american basketball and football coach and player .
howard st. john -lrb- october 9 , 1905 -- march 13 , 1974 -rrb- was a chicago-born character actor who specialized in unsympathetic roles .
david ayers -lrb- april 4 , 1841 -- december 11 , 1916 -rrb- was a union army soldier during the american civil war .
ioanna karystiani -lrb- greek .
thomas claiborne -lrb- february 1 , 17491812 -rrb- was a planter and politician from brunswick county , virginia , who represented virginia in the united states house of representatives from 1793 to 1799 and from 1801 to 1805 .
paula sage -lrb- born c. 1980 -rrb- is a scottish actress , special olympics netball player , and advocate for people with down syndrome .
selena y los dinos -lrb- -rrb- was the band in which tejano music singer selena performed , until her murder on march 31 , 1995 .
father antoni maria alcover i sureda , also known -lrb- in catalan -rrb- as `` mossèn alcover '' -lrb- -rrb- , -lrb- santa cirga , manacor , 2 february 1862 -- palma , 8 january 1932 -rrb- was a modernist majorcan writer , who wrote on a wide range of subjects including the catholic church , folklore and linguistics .
albert smith barker -lrb- march 31 , 1845 -- january 30 , 1916 -rrb- was an admiral in the united states navy who served during the american civil war and the spanish -- american war .
spiro kalemi -lrb- born 1937 , in kavajë -rrb- is an albanian musicologist .
isaac leonard kahdot -lrb- october 22 , 1899 -- march 31 , 1999 -rrb- was a third baseman in major league baseball .
ellar coltrane kinney salmon -lrb- born august 27 , 1994 -rrb- , known professionally as ellar coltrane , is an american actor best known for his role as mason evans jr. in `` boyhood '' .
clément pansaers -lrb- 1 may 1885 -- 31 october 1922 -rrb- was the main proponent of the dada movement in belgium .
bruce alexander turner -lrb- 5 august 1930 -- 30 march 2010 -rrb- was a new zealand field hockey player and cricketer .
lazare ponticelli -lrb- born lazzaro ponticelli , 24 december 1897 , later mistranscribed as 7 december -- 12 march 2008 -rrb- , knight of vittorio veneto , was at 110 , the last surviving officially recognized veteran of the first world war from france and the last `` poilu '' of its trenches to die .
michael spellman -lrb- born november 19 , 1978 -rrb- is an american film , television and stage actor .
qui-lim choo is a scientist , who along with michael houghton , george kuo and daniel w bradley , co-discovered hepatitis c in 1989 .
emlyn aubrey -lrb- born january 28 , 1964 -rrb- is an american professional golfer who played on the pga tour , nationwide tour and the predecessor to the asian tour .
`` another cricketer who played for derbyshire during the 1919 season was named george ratcliffe . ''
hólmfríður `` frida '' magnúsdóttir -lrb- born 20 september 1984 -rrb- is an icelandic footballer who plays for avaldsnes il in norway .
pierre fitch -lrb- born november 1 , 1981 -rrb- is a canadian gay pornography actor , formerly exclusive to falcon studios .
jenny sarah slate -lrb- born march 25 , 1982 -rrb- is an american actress , stand-up comedian , voice artist , and author best known for her breakout role as donna stern in `` obvious child '' , as well as being the co-creator of the `` marcel the shell with shoes on '' short films and children 's book series .
mary kendall browne -lrb- june 3 , 1891 -- august 19 , 1971 -rrb- was the first american female professional tennis player , a world no. 1 amateur tennis player , and an amateur golfer .
david john rainford -lrb- born 21 april 1979 in stepney , london -rrb- is an english former footballer .
qi jinli -lrb- ; born september 1959 -rrb- is a chinese politician who spent most of his career in henan province .
rajalakshmy is a malayalee playback singer .
susan stranks -lrb- born 2 december 1938 -rrb- is a british actress , television presenter and producer .
geoffrey james blackburn -lrb- born 13 november 1950 -rrb- is a former english cricketer .
laurenţiu diniţă -lrb- born 29 march 1975 in bucharest -rrb- is a romanian former football player and current manager .
osvaldo noé golijov -lrb- -rrb- -lrb- born december 5 , 1960 -rrb- is an argentine composer of classical music .
admiral fyodor vasilyevich dubasov -lrb- -rrb- -lrb- july 3 -lrb- o.s. june 21 -rrb- , 1845 -- july 2 -lrb- o.s. june 19 -rrb- , 1912 , saint petersburg -rrb- was , governor general of moscow from november 24 , 1905 to july 5 , 1906 .
park han-byul -lrb- born november 17 , 1984 -rrb- is a south korean actress and model .
sarnath banerjee -lrb- born 1972 -rrb- is an indian graphic novelist , artist , and film maker and a co-founder of the comics publishing house , phantomville .
james hodge codding -lrb- july 8 , 1849 -- september 12 , 1919 -rrb- was a republican member of the u.s. house of representatives from pennsylvania .
cedric decorrus jones -lrb- born june 1 , 1960 in norfolk , virginia , united states -rrb- is a former wide receiver who played nine professional seasons with the national football league 's new england patriots .
celestino celio -lrb- born may 20 , 1925 in san martino di venezze ; died january 26 , 2008 in fossalta di portogruaro -rrb- was an italian professional football player and coach .
charlie adams is an american drummer , percussionist , drum engineer , composer , music producer , and film producer .
nicholas phillip ebanks -lrb- born 27 june 1990 -rrb- is a caymanian footballer who plays as a defender .
lynn poole -lrb- august 11 , 1910 -- april 14 , 1969 -rrb- was the creator and host of an early u.s. science television program , `` the johns hopkins science review '' -lrb- 1948 -- 1955 -rrb- , and the author of more than 20 popular science books .
juan martín de pueyrredón y o'dogan -lrb- december 18 , 1777 -- march 13 , 1850 -rrb- was an argentine general and politician of the early 19th century .
sir george ruthven le hunte kcmg -lrb- 20 august 1852 -- 29 january 1925 -rrb- was governor of south australia from 1 july 1903 until 18 february 1909 , soon after federation of australia .
horace gundry alexander -lrb- 18 april 1889 -- 30 september 1989 -rrb- was a british quaker teacher and writer , pacifist and ornithologist .
julio césar valdivia -lrb- born 5 june 1982 guanajuato , mexico -rrb- is a mexican footballer who plays as a goalkeeper at the club cruz azul in the primera division de mexico .
merrill i. mills -lrb- november 4 , 1819 -- september 14 , 1882 -rrb- was a businessman and mayor of detroit .
lasse rise -lrb- born 9 june 1986 -rrb- is a danish professional football winger or a forward , who currently plays for the danish superliga side esbjerg fb .
walter boyd -lrb- born 1 january 1972 in kingston -rrb- is a retired football striker from jamaica .
vaughan or vaughn kester -lrb- september 12 , 1869 -- july 4 , 1911 -rrb- was a u.s. novelist and journalist .
bùi quốc bảo , stagename simply quốc bảo -lrb- born june 30 , 1967 -rrb- is a vietnamese songwriter and record producer .
clearlight is an instrumental heavy metal band from new orleans , louisiana .
wang guosheng -lrb- ; born may 1956 -rrb- is a politician of the people 's republic of china and the governor of hubei province .
rustemi kreshnik -lrb- born april 29 , 1984 -rrb- is an albanian-belgian kickboxer who competes in the heavyweight div ision .
david andrés monsalve -lrb- born december 21 , 1988 in north york , ontario -rrb- is a canadian soccer player .
samuel bertrand itondo eyoum -lrb- born 28 july 1987 -rrb- is a naturalized equatoguinean amateur football midfielder , who plays for bosher in the omani second division league .
frank thompson , jr. -lrb- july 28 , 1918 -- july 22 , 1989 -rrb- was a democratic party politician from new jersey .
ranko borozan -lrb- born 25 july 1933 -rrb- is a former bosnian footballer .
marion jackson was an american screenwriter of the late silent and early sound film eras .
robert j. `` bob '' surace -lrb- born april 25 , 1968 ; pronounced suh-race -rrb- is an american college football coach .
dickinson woodruff richards , jr. -lrb- october 30 , 1895 -- february 23 , 1973 -rrb- was an american physician and physiologist .
sven theißen -lrb- born 24 october 1988 -rrb- is a german football player , who is currently playing for sc fortuna köln .
cliff curvis -lrb- 19 november 1927 -- 22 april 2009 -rrb- , was a professional , was a champion welterweight boxer from swansea , wales .
erdal akdarı -lrb- born 5 june 1993 -rrb- is a turkish footballer who plays as a defender for sv babelsberg 03 .
helmut paul -lrb- born november 4 , 1929 in vienna -rrb- is an austrian nuclear and atomic physicist .
asad chowdhury -lrb- ; born 11 february 1943 -rrb- is a poet , writer , translator , radio , tv personality and journalist , as well as a cultural activist in bangladesh .
amrinder singh -lrb- born 27 may 1993 -rrb- is an indian footballer who plays as a goalkeeper for atlético de kolkata in the indian super league on loan from pune in the i-league .
richard bentley -lrb- 24 october 1794 -- 10 september 1871 -rrb- was a 19th-century english publisher .
wei chen -lrb- -rrb- -lrb- born february 22 , 1986 -rrb- is a chinese pop singer and actor , who rose to fame through super boy a televised singing competition .
saba azad is an indian actress , singer and musician working in the hindi film industry , known for her leading role in the bollywood production house y-films romantic comedy film mujhse fraaandship karoge , set against the background of social networking site facebook .
warren archard luhning -lrb- born july 3 , 1975 -rrb- is a retired canadian professional ice hockey winger .
antonio machín -lrb- `` antonio abad lugo machín '' ; 11 february 1903 , in sagua la grande , cuba -- 4 august 1977 , in madrid -rrb- was a cuban singer and musician .
carlos emiliano pereira commonly known as carlinhos -lrb- born 29 november 1986 -rrb- is a brazilian footballer who plays as a left back for coritiba foot ball club .
thomas holliday hicks -lrb- september 2 , 1798february 14 , 1865 -rrb- was a politician in the divided border-state of maryland during the american civil war .
lauren danielle drain -lrb- born december 31 , 1985 -rrb- is an american nurse and author known for writing the 2013 book `` banished '' , which chronicles her experiences and eventual banishment from the controversial westboro baptist church .
meritxell negre is a singer-songwriter , who has also been recognized as the sixth `` peaches '' of international r&b / pop duo , peaches and herb .
steven `` steve '' banks -lrb- born 9 february 1972 -rrb- is an english football player and coach .
dr. ian robertson is a former gaelic footballer for dublin and ballymun kickhams .
john patrick dougan -lrb- 22 december 1946 -- 16 november 2006 -rrb- was a new zealand rugby union player .
nicholas bartlett -lrb- born 24 december 1979 -rrb- is an australian kendo player .
colonel john paul stapp , -lrb- 11 july 1910 -- 13 november 1999 -rrb- m.d. , ph.d. , was an american career u.s. air force officer , flight surgeon , physician , biophysicist , and pioneer in studying the effects of acceleration and deceleration forces on humans .
robert smith walker , popularly known as bob walker , -lrb- born december 23 , 1942 -rrb- is a former american politician who represented pennsylvania in the united states house of representatives as a republican from 1977 to 1997 .
corrina joseph is a british singer who gained recognition through her collaborations with the duo known as basement jaxx .
josiah mason carter -lrb- june 19 , 1813 -- march 21 , 1868 -rrb- was a whig member of the connecticut house of representatives representing norwalk , connecticut in 1857 and 1861 to 1862 .
james sean wall -lrb- born october 11 , 1964 -rrb- is an american prelate of the roman catholic church .
helen cecilia de silver abbott michael , m.d. -lrb- december 23 , 1857 -- november 29 , 1904 -rrb- was an american scientist who was among the first to `` in a systematic way study the relation of chemical composition to species of plants and to plant growth . ''
marie -lrb- `` mieke '' -rrb- jaapies -lrb- born 7 august 1943 -rrb- is a dutch sprint canoer .
gagik i -lrb- -rrb- was the king of armenia who reigned between 989 to ca. 1017/20 , under whom bagratid armenia reached its height , and `` enjoyed the accustomed experience of unbroken peace and prosperity . ''
luzerne atwell `` lu '' blue -lrb- march 5 , 1897 -- july 28 , 1958 -rrb- was a major league baseball -lrb- mlb -rrb- first baseman .
paul of thebes , commonly known as paul , the first hermit or paul the anchorite -lrb- d. c. 341 -rrb- is regarded as the first christian hermit .
b. saroja devi -lrb- ಕನ ನಡ : ಬ .
, born april 4 , 1961 -rrb- is a japanese writer and scenarist best known for `` serial experiments lain '' , and later for the `` digimon '' season , `` digimon tamers '' .
archie alemania -lrb- born 1978 -rrb- is a filipino actor , host , comedian and dancer .
phyllis emily granoff -lrb- born 1947 -rrb- is a specialist in indic religions .
rene minkwitz -lrb- born february 7 , 1970 -rrb- is a strongman from denmark .
pavol or pavel hrivnák -lrb- 9 october 1931 - 3 february 1995 -rrb- was a slovak politician who served as prime minister of the slovak socialist republic from june to december 1989 .
hendrix marion fowler , sr. , known as mutt fowler -lrb- february 13 , 1918 -- september 16 , 2014 -rrb- , was a politician and businessman who served from 1953 to 1972 as mayor of the small town of coushatta in red river parish in northwestern louisiana , as a member of the louisiana house of representatives from 1972 to 1986 , and later as the executive director of the sabine river authority .
josh grisetti -lrb- born december 1 , 1981 -rrb- is an american actor who works in theatre , television and film .
tony marshall -lrb- born 14 may 1974 -rrb- is a british television actor .
steffen kielstrup -lrb- born 18 october 1984 -rrb- is a danish professional football player , who currently plays for vejle bk .
the original 7ven -lrb- also known as the time as well as morris day and the time -rrb- is an american musical group that was formed in minneapolis in 1981 .
xavier bécas -lrb- born may 31 , 1979 in tarbes -rrb- is a french professional football player .
aaron heslehurst -lrb- born 6 november 1967 in sydney , australia -rrb- is a bbc world television presenter often seen presenting `` world business report '' .
luitenant-admiraal conrad emil lambert helfrich , gnl , kcb -lrb- 11 october 1886 -- 20 september 1962 -rrb- of the royal netherlands navy was a leading dutch naval figure of world war ii .
kala venkata rao -lrb- 1900 -- 1959 -rrb- was freedom fighter , politician in andhra pradesh , india .
dominique davalos is american rock singer and bass player formerly in the band `` dominatrix '' who 's controversial music video single `` the dominatrix sleeps tonight '' , released in 1984 was deemed too racy for its time .
shammond omar williams -lrb- born april 5 , 1975 -rrb- is a retired american-born naturalized georgian professional basketball player .
brendan leahy -lrb- 28 march 1960 -- -rrb- is the 49th and current bishop of limerick .
major-general petrus jacobs -lrb- 1910-1967 -rrb- was a south african military commander .
gerald kron -lrb- april 6 , 1913 -- april 9 , 2012 -rrb- was an american astronomer who was one of the pioneers of high-precision photometry with photoelectric instrumentation .
toba 's reign spanned the years from 1107 through 1123 .
major richard harry heslop -lrb- 23 january 1907 -- 17 january 1973 -rrb- , dso was a british agent for the special operations executive during world war ii .
james thomas `` jim '' gillette , jr. -lrb- december 19 , 1917january 9 , 1990 -rrb- was a professional american football halfback in the national football league .
admiral arthur duncombe -lrb- 24 march 1806 -- 6 february 1889 -rrb- was a british naval commander and conservative politician .
william stevens perry -lrb- january 22 , 1832 -- may 13 , 1898 -rrb- was a 19th-century bishop of the protestant episcopal church in the united states of america and an educator .
rex taylor -lrb- 1 november 1889 -- 27 december 1968 -rrb- was an american screenwriter .
matthew chojnacki -lrb- born january 4 , 1975 -rrb- , is an american writer on film and music .
charles fisher -lrb- born february 2 , 1976 -rrb- is a former american football cornerback and was also a scout for the seattle seahawks .
henio zytomirski -lrb- , ; 25 march 1933 -- 9 november 1942 -rrb- was a polish jew born in lublin , poland who was murdered at the age of 9 in a gas chamber at majdanek concentration camp , during the german nazi occupation of poland .
henry george ` harry ' saunders -lrb- 21 may 1898 - 9 december 1930 -rrb- was an australian rules footballer who played for collingwood and coached footscray in the victorian football league -lrb- vfl -rrb- .
guadalupe joseph arenas -lrb- born december 12 , 1925 in cedar rapids , iowa -rrb- , also known as `` lupe joe '' arenas and `` little joe '' arenas , is a former american football player .
mohammed salem al-ghabban -lrb- , born 14 november 1961 -rrb- is an iraqi politician , and the current minister of interior .
lieutenant general seretse khama ian khama -lrb- or ian a sêrêtsê ; born 27 february 1953 -rrb- is a botswana politician who has been the president of botswana since 2008 .
albert irénée caquot -lrb- 1 july 1881 -- 28 november 1976 -rrb- was considered as the `` best living french engineer '' during half a century .
the reverend john lightfoot -lrb- 9 december 1735 -- 20 february 1788 -rrb- was an english parson-naturalist , spending much of his free time as a conchologist and botanist .
alvin austin attles jr. -lrb- born november 7 , 1936 -rrb- is an american retired professional basketball player and coach best known for his longtime association with the golden state warriors .
the bandits were an english blues rock band from liverpool .
jeremiah paul `` jerry '' flannery -lrb- born 17 october 1978 in galway , republic of ireland -rrb- is a former irish rugby union player who played for munster and ireland .
not to be confused with the texas republican former legislator , `` joe sage '' joseph carnahan lesage , jr. , known as joe lesage -lrb- born december 12 , 1928 -rrb- , is an attorney in shreveport , louisiana , who served as a democratic member of the louisiana state senate for a single term from 1968 to 1972 .
roei gordana -lrb- born 6 july 1990 -rrb- is an israeli footballer who plays for hapoel be'er sheva .
darko dejanović -lrb- ; born 17 march 1995 -rrb- is a serbian football goalkeeper who plays for rad in serbian superliga .
admiral of the fleet sir thomas byam martin , -lrb- 25 july 1773 -- 25 october 1854 -rrb- was a royal navy officer .
oleh ivanovych ptachyk -lrb- born 14 november 1981 in kharkiv , ukrainian ssr -rrb- is a ukrainian football defender who played for naftovyk in the ukrainian premier league .
sergei romanovich petrov -lrb- ; born 4 september 1994 in voronezh -rrb- is a russian football player who plays for fc lokomotiv liski .
william russell roesch -lrb- born july 1865 -rrb- was the first mayor of eau gallie , florida .
néstor oscar craviotto -lrb- born 6 october 1963 in la plata -rrb- is an argentine football manager and former player , who last managed club the strongest in the liga de fútbol profesional boliviano .
eva carin beatrice ask -lrb- born 20 april 1956 -rrb- is a swedish politician and a member of the moderate party .
grief of war is a death / thrash metal band that was formed in tokyo , japan in 2002 .
ian davidson brewer -lrb- 15 june 1936 -- 15 april 2010 -rrb- was an australian rules footballer with a distinguished career between 1956 and 1970 , in the three major leagues of his era : the victorian football league -lrb- vfl -rrb- , west australian national football league -lrb- wanfl -rrb- and south australian national football league -lrb- sanfl -rrb- .
egla harxhi was born in 1991 , in tirana , albania .
james beevers -lrb- born 31 january 1979 -rrb- is a british fencer .
jin sato -lrb- born 27 september 1974 -rrb- is a former japanese football player .
tiago jorge oliveira lopes -lrb- born 4 january 1989 in vila nova de gaia , porto -rrb- is a portuguese professional footballer who plays for romanian club cfr cluj as a right back .
, commonly known as is a japanese television announcer and news presenter .
charles carroll `` tony '' eason , iv -lrb- born october 8 , 1959 -rrb- is a former quarterback .
slater nelson `` dugie '' martin jr. -lrb- october 22 , 1925 -- october 18 , 2012 -rrb- was an american professional basketball player and coach who was a playmaking guard for 11 seasons in the national basketball association -lrb- nba -rrb- .
nasser hassan al malki -lrb- ; born 30 november 1983 in doha -rrb- is a qatari motorcycle racer .
daichi inui -lrb- 乾 大知 , born december 2 , 1989 -rrb- is a japanese football player .
princess margaret , countess of snowdon -lrb- margaret rose ; 21 august 1930 -- 9 february 2002 -rrb- , was the younger daughter of king george vi and queen elizabeth , and the only sibling of queen elizabeth ii .
andres cuero -lrb- born july 8 , 1989 -rrb- is an american soccer player currently playing for austin aztex in the usl pro .
désirée parfait malonga -lrb- born september 26 , 1981 -rrb- is a romanian actress and model .
alistair mackay was a scottish doctor and polar explorer .
josef eichheim -lrb- 23 february 1888 -- 13 november 1945 -rrb- was a german film actor .
william lowell , sr. -lrb- 1863 -- june 24 , 1954 -rrb- was a dentist , and an inventor of a wooden golf tee .
rené v. dawis -lrb- born 1928 -rrb- is an american psychology professor .
philip lehr -lrb- born june 3 , 1993 -rrb- is a german ice hockey goaltender .
ganendranath tagore was a musician and theatre personality , and contributed substantially to nationalist discourse .
heinrich behnke -lrb- april 10 , 1882 -- june 19 , 1952 -rrb- was a seaman first class serving in the united states navy who received the medal of honor for bravery .
andrey viktaravich skorabahatska -lrb- ; ; born 19 july 1968 in zaporizhya -rrb- is a belarusian professional football coach and a former player .
tomás lanzini -lrb- , born 3 june 1991 -rrb- is an argentine footballer who currently plays for primera división club Ñublense in chile as an attacking midfielder .
monica inunak ell is a canadian politician , who was elected to represent the district of iqaluit west in the legislative assembly of nunavut in a by-election on september 12 , 2011 .
vice admiral morton lyndholm deyo -lrb- 1 july 1887 -- 10 november 1973 -rrb- was an officer in the united states navy , who was a naval gunfire support task force commander of world war ii .
hans hjalmar `` tjalle '' mild -lrb- 31 july 1934 -- 23 december 2007 -rrb- was a swedish football , ice hockey and bandy player .
khemanit jamikorn -lrb- ; -rrb- , mostly known as `` pancake '' , is a thai tv actress , singer and model .
gendün druppa -lrb- , 1391 -- 1474 -rrb- was considered posthumously to be the 1st dalai lama .
terrie huntington is an american politician and member of the republican party who served as a member of the kansas house of representatives from 2003 to 2010 and as a member of the kansas state senate from 2010 to 2013 .
louis-guillaume perreaux -lrb- 19 february 1816 -- 5 april 1889 -rrb- was a french inventor and engineer who submitted one of the first patents for a working motorcycle in 1869 .
tony ross -lrb- born 10 august 1938 -rrb- is a british illustrator and author of children 's picture books .
assia abdullah -lrb- -rrb- is a lebanese tv anchorwoman on bein sports -lrb- al-jazeera sports -rrb- .
phillip mikaera tataurangi -lrb- born 31 october 1971 -rrb- is a new zealand golfer .
paul lavon davis -lrb- april 21 , 1948 -- april 22 , 2008 -rrb- was an american singer and songwriter , best known for his radio hits and solo career which started worldwide in 1970 .
samuel prowse -lrb- august 28 , 1835 -- january 14 , 1902 -rrb- was a canadian merchant and politician .
john j. howard -lrb- born march 1 , 1983 -rrb- is an american professional mixed martial artist currently competing in the welterweight division of the ultimate fighting championship .
patrick okedinachi utomi -lrb- born february 6 , 1956 -rrb- is a nigerian professor of political economy and management expert , he is a fellow of the institute of management consultants of nigeria and a former presidential candidate , with a passion for the dignity of the human person and the spirit of enterprise .
israel fogel -lrb- born 2 april 1949 -rrb- is a retired israeli footballer .
universal order of armageddon was an american hardcore band , active from 1992 to 1994 and reformed in 2010 .
lopon tsechu rinpoche -lrb- 1918 , bhutan - june 10 , 2003 -rrb- was a great master of tibetan buddhism , widely regarded in the himalayas , with many students in both the east and the west .
eric larsson -lrb- born 15 july 1991 -rrb- is a swedish footballer who plays for gif sundsvall as a defender .
vladimir leonidovich popov -lrb- , born 3 september 1946 -rrb- is a russian mathematician working in the invariant theory and the theory of transformation groups .
gerda nicolson -lrb- 11 november 1937 -- 12 june 1992 -rrb- was an australian theatre and television actress best known for several long-running television roles .
david simpson -lrb- born june 27 , 1961 -rrb- is a republican member of the texas house of representatives from the 7th district based in longview , texas .
vernon basil moore -lrb- born september 23 , 1922 , old east york , york , york county , ontario , canada -- died may 11 , 2006 , clairlea , scarborough , toronto , ontario , canada -rrb- was a canadian newspaper man and figure in toronto 's catholic charities .
henry matthews , 1st viscount llandaff pc , qc -lrb- 13 january 1826 -- 3 april 1913 -rrb- was a british lawyer and conservative politician .
andre dewayne smith , jr. -lrb- born january 25 , 1987 -rrb- is an american football offensive tackle for the cincinnati bengals of the national football league -lrb- nfl -rrb- .
ahmad al harthy -lrb- born 31 august 1981 in muscat , oman -rrb- is oman 's top racing driver and one of the middle eastern sultanate 's leading international sportsmen .
anthony andrew `` tony '' jarvis -lrb- born 3 march 1945 -rrb- is a retired british swimmer .
che-hsuan lin -lsb- `` chay shoo-ahn lin '' -rsb- -lrb- ; born september 21 , 1988 -rrb- is a taiwanese professional baseball outfielder who is playing for the eda rhinos of the chinese professional baseball league .
dennis p. mccann , born april 14 , 1961 in chicago , illinois , is an american painter , printmaker , and sculptor , who works primarily in the visual art movement known as pop art .
ishak djober -lrb- born on august 3 , 1989 -rrb- is an indonesian footballer who currently plays for persepam madura united in the indonesia super league .
david barton -lrb- born january 28 , 1954 in aledo , texas -rrb- is an american evangelical christian conservative political activist and author .
christian kane -lrb- born june 27 , 1974 -rrb- is an american actor and singer-songwriter .
sir gordon newton -lrb- 16 september 1907 -- 31 august 1998 -rrb- was a journalist and editor of the financial times for 22 years , from 1950 until 1972 .
kirill dyakov -lrb- born may 21 , 1993 -rrb- is a russian professional ice hockey defenceman .
terry evans -lrb- born 12 april 1965 -rrb- is an english former professional footballer who played as a central defender , making over 360 career appearances .
george lippard -lrb- april 10 , 1822 -- february 9 , 1854 -rrb- was a 19th-century american novelist , journalist , playwright , social activist , and labor organizer .
lionel abel -lrb- 28 november 1910 - 19 april 2001 , in manhattan , new york -rrb- was an eminent jewish american playwright , essayist and theater critic .
jeff bertrand coleman blake -lrb- born december 4 , 1970 -rrb- is a retired american football quarterback who played in the national football league .
robert carl `` bob '' stempel -lrb- july 15 , 1933 -- may 7 , 2011 -rrb- was a chairman and ceo of general motors -lrb- gm -rrb- .
patrick l. willis -lrb- born january 25 , 1985 -rrb- is a former american football linebacker who played his entire eight-year career with the san francisco 49ers of the national football league -lrb- nfl -rrb- .
david claudio iglesias -lrb- born 1958 -rrb- is an american attorney from albuquerque , new mexico .
matthew david bell -lrb- born 25 february 1977 in dunedin -rrb- is a retired new zealand international cricketer .
gilbert `` gillie '' harrison -lrb- 13 june 1858 -- 9 november 1894 -rrb- was an english rugby union footballer of the 1870s and 1880s and british philatelist .
douglas methven farquhar -lrb- 11 june 1921 in methil , fife -- 20 february 2005 in new york -rrb- was a scottish-american soccer player who played professionally on both sides of the atlantic ocean .
andrew west was the vice chancellor of lincoln university , new zealand .
walter mccormick -lrb- born walter bernard mccormick , jr. ; february 8 , 1954 , kansas city , missouri -rrb- , is a lawyer , former government official and trade association executive .
scott kellerman foley -lrb- born july 15 , 1972 -rrb- is an american actor , director and screenwriter .
t j ramini -lrb- born 26 may 1975 -rrb- is a british expatriate actor known for his role as dc zain nadir in `` the bill '' .
valentino petrelli -lrb- august 6 , 1922 -- piacenza , september 8 , 2001 -rrb- , better known as tino , was an italian photographer , well known for his documentary photography .
dylan gelula -lrb- born 1994 -rrb- is an american actress best known for her roles as ford on `` chasing life '' and gretchen on `` jennifer falls '' .
arnar grétarsson -lrb- born 20 february 1972 in reykjavík -rrb- is a icelandic football manager and former professional football player .
kamal kumari barooah -lrb- assamese : কমল কুমাৰী বৰুৱা -rrb- -lrb- 1899 -- 1978 -rrb- was the matriarch of the khongiya barooah family of thengal , assam .
stephen mcbride -lrb- born 6 april 1983 -rrb- is a footballer from northern ireland who currently plays for nifl premiership side ballymena united .
eduard suess -lrb- ; august 20 , 1831 -- april 26 , 1914 -rrb- was an austrian geologist who was an expert on the geography of the alps .
common children was a christian alternative rock band composed of marc byrd , drew powell , and hampton taliaferro .
sydney howard smith -lrb- 3 february 1872 in stroud , gloucestershire -- 27 march 1947 in stroud -rrb- was an english tennis and badminton player .
dr sarah alade was the acting governor of the central bank of nigeria during the suspension of lamido sanusi until his tenure ended .
harlardus -lrb- or Ælfhelm -rrb- was a medieval bishop of dorchester , when the town was seat of the united dioceses of lindsey and dorchester .
nicolás pereda is a mexican film director .
french frith kaiser thompson was an experimental rock quartet comprising john french , fred frith , henry kaiser and richard thompson .
rob claeys -lrb- born 24 august 1987 in belgium -rrb- is a belgium football central defender who currently plays for kv kortrijk .
gilbert ballantine -lrb- born 14 march 1961 -rrb- is a retired dutch kickboxer and a nine times kickboxing world champion .
jani-petteri helenius -lrb- born january 18 , 1990 -rrb- is a finnish professional ice hockey player who currently plays for jokerit of the sm-liiga .
joseph dollard herve st. laurent -lrb- may 12 , 1929 -- april 6 , 2015 -rrb- was a canadian ice hockey defenceman .
matthew james munn -lrb- born 1981 -rrb- is an american voice actor and animator for sony pictures imageworks .
james j. sheehan is an american historian of modern germany and the former president of the american historical association -lrb- 2005 -rrb- .
eugene v. baker was a pioneer college football player and coach for the yale bulldogs of yale university .
roger ryan -lrb- 1945 - 12 may 2009 -rrb- was an irish sportsperson .
michael sean coulthard -lrb- born december 8 , 1968 -rrb- , better known by his stage name michael cole , is an american professional wrestling commentator , show host , and former journalist .
richard lestock -lrb- 22 february 1679 -- 17 december 1746 -rrb- was an officer in the royal navy , eventually rising to the rank of admiral .
colin haughton -lrb- born 12 november 1972 -rrb- is an english badminton singles player from denton near manchester who held the no. 1 position in the national rankings and reached as high as 19th in the world rankings .
jia dorene perkins -lrb- born february 23 , 1982 -rrb- is an american professional basketball player .
chris newman -lrb- born 16 december 1987 -rrb- is an irish actor with roles in films `` song for a raggy boy '' and `` perrier 's bounty '' and tv series `` the clinic '' , `` love is the drug '' , `` stardust '' and `` love/hate '' .
yevgeny vladimirovich sidikhin -lrb- , alternate spelling evgeny sidikhin -rrb- -lrb- born 2 october 1964 -rrb- is a russian actor .
dmitri leonidovich makarov -lrb- born december 6 , 1983 -rrb- is a russian professional ice hockey winger who currently plays for salavat yulaev ufa of the kontinental hockey league -lrb- khl -rrb- .
mary anna mccartney -lrb- born 28 august 1969 , previously mccartney-donald -rrb- is an english photographer and vegetarian cookery writer .
timothy j. dillon was the former director of athletics at canisius college .
michael leron bumpus -lrb- born december 13 , 1985 -rrb- is a former american football wide receiver he was signed by the seattle seahawks as an undrafted free agent in 2008 .
nadia garcía díaz -lrb- born february 27 , 1988 -rrb- is a spanish editor and audiovisual translator .
kevin edwards -lrb- born december 12 , 1980 in sangre grande -rrb- is a male beach volleyball player from trinidad and tobago .
julie pietri -lrb- born 1 may 1957 , algiers , algeria -rrb- is a french pop singer , known for her single , '' Ève lève-toi '' , which was number-one on the french snep singles chart -lrb- top 50 -rrb- in november 1986 -lrb- also released in english-language , under the title `` listen to your heart '' -rrb- .
thomas `` tommy '' hampson -lrb- 28 october 1907 -- 4 september 1965 -rrb- was an english athlete , winner of the 800 metres at the 1932 summer olympics .
nicolas dieuze -lrb- born february 7 , 1979 -rrb- is a french football midfielder who currently plays for grenoble foot 38 in the french ligue 1 .
dan davis -lrb- born january 7 , 1986 in newark , new jersey -rrb- is an american football defensive lineman who is currently a free agent .
julinho -lrb- born august 5 , 1986 in são paulo -rrb- , is a brazilian football left back who currently plays for santa cruz futebol clube .
michael clapham -lrb- born 15 may 1943 -rrb- is a british labour party politician , who was the member of parliament -lrb- mp -rrb- for barnsley west and penistone from 1992 to 2010 .
rodrigo iván cortés jiménez -lrb- born 4 september 1971 -rrb- is a mexican politician affiliated to the national action party .
brianne prather -lrb- born april 5 , 1980 -rrb- is a former american actress best known for playing the ultra-feminine hillary lighter on the disney channel show `` the jersey '' .
kim ji-won -lrb- ; born october 19 , 1992 -rrb- is a south korean actress .
muhammad aslam khan khattak -lrb- -rrb- -lrb- april 5 , 1908 -- october 10 , 2008 -rrb- was a pakistani politician and diplomat .
prospero is a canadian industrial/rhythmic noise band based in toronto , canada .
armen poghosyan -lrb- : october 3 , 1947 -rrb- is an armenian painter , poet , and sculptor .
tom christensen -lrb- born 1966 -rrb- is a former canadian politician and lawyer .
lee gi-dong -lrb- ; born 11 may 1984 -rrb- is a south korean footballer .
john t. edge is a writer , commentator , and director of the southern foodways alliance , an institute of the center for the study of southern culture at the university of mississippi .
aaron wells peirsol -lrb- born july 23 , 1983 -rrb- is an american former competition swimmer and backstroke specialist who is a former world champion and world record-holder .
ciro `` the artichoke king '' terranova -lrb- july 1888 − february 20 , 1938 -rrb- was a new york city gangster and one time underboss of the morello crime family .
louis krebs graham -lrb- born january 7 , 1938 -rrb- is an american professional golfer who won six pga tour tournaments including the 1975 u.s. open .
charles de rochefort -lrb- 7 july 1887 -- 2 february 1952 -rrb- also known as charles d'authier de rochefort , son of paul charles dominique d'authier de rochefort and camille caroline rose félicité guelfucci , was a french film actor of the silent era .
walter michael miller , jr. -lrb- january 23 , 1923 -- january 9 , 1996 -rrb- was an american science fiction writer .
ari marmell -lrb- born march 22 , 1974 -rrb- is an american novelist and freelance role-playing game writer .
daniel ojambo adongo -lrb- born -rrb- is a kenyan american football player for the indianapolis colts of the national football league and former rugby union player .
xie zhiliu -lrb- ; 1910 -- 1997 -rrb- was a leading traditional painter , calligrapher , and art connoisseur of modern china .
karmein chan -lrb- 5 november 1977 -- 13 april 1991 -rrb- was a 13-year-old australian girl from templestowe , victoria who was abducted on 13 april 1991 and subsequently murdered .
boris papandopulo -lrb- honnef am rhein , february 25 , 1906 -- zagreb , october 16 , 1991 -rrb- , croatian composer and conductor of russian jewish descent .
walter william `` boom-boom '' beck -lrb- october 16 , 1904 -- may 7 , 1987 -rrb- was an american right-handed pitcher in major league baseball .
ivica kirin -lrb- born 14 june 1970 -rrb- is a croatian politician who was the interior minister of croatia from 2005 to 2007 .
kevin curtis -lrb- born july 28 , 1980 in frankfurt , west germany -rrb- is an american football coach and former safety .
james p. `` jimmy '' newquist -lrb- born may 10 , 1970 -rrb- is the american primary song writer , guitarist , and lead singer for the alternative rock band caroline 's spine .
wesley carl uhlman -lrb- born march 23 , 1935 -rrb- was the 47th mayor of seattle .
alexey yuryevich sereda -lrb- ; born november 21 , 1990 -rrb- is a russian professional association football player who last played for fc bataysk-2007 .
george h. streeton , aia , -lrb- b. 1864 -rrb- was an american architect who worked in new york during the first half of the twentieth century , primarily for roman catholic clients .
stargate is a norwegian record producing and songwriting team , composed of tor erik hermansen -lrb- born 14 october 1972 -rrb- and mikkel storleer eriksen -lrb- born in 1972 -rrb- , based in new york city .
olegario vázquez raña -lrb- born 10 december 1934 -rrb- is a mexican entrepreneur , businessman , owner of several companies , and the chairman and principal shareholder of grupo empresarial Ángeles .
v. venkatasubha reddiar -lrb- died 1982 -rrb- was the second and the fourth chief minister of the union territory of pondicherry -lrb- puducherry -rrb- .
horst zuse -lrb- born november 17 , 1945 -rrb- is a german computer scientist .
gary don stubblefield -lrb- born 1951 -rrb- is a farmer from rural branch in franklin county in western arkansas , who has been since 2013 a republican member of the arkansas state senate .
robert steven ferrell -lrb- born november 13 , 1952 in los angeles , california -rrb- is a former professional american football running back who played for five seasons for the san francisco 49ers of the national football league .
john sappington marmaduke -lrb- march 14 , 1833december 28 , 1887 -rrb- was a regular army officer from the divided border-state of missouri , who became a confederate major general during the american civil war .
benjamin dayton fajzullin -lrb- born 16 february 1976 -rrb- is an australian news presenter , journalist and voice-over artist .
baljit singh jalal usma is an indian politician and belongs to the ruling shiromani akali dal party .
Émery lalonde -lrb- june 22 , 1851 -- june 6 , 1925 -rrb- was a physician and political figure in quebec .
stanisław lamczyk -lrb- born august 12 , 1957 in brusy -rrb- is a polish politician .
coy placido -lrb- born jerico calica placido , october 20 , 1977 -rrb- is the composer and guitarist of the filipino bands sessionroad and top junk .
william richard holmes -lrb- born 25 november 1952 -rrb- is a former english cricketer .
robert `` bobby '' rackard -lrb- 6 january 1927 -- 19 october 1996 -rrb- was an irish hurler who played as a right corner-back for the wexford senior team .
hristo ivanov mitov -lrb- ; born 24 january 1985 -rrb- is a bulgarian footballer who currently plays for lokomotiv sofia as a goalkeeper .
anandraj yashwant ambedkar -lrb- mumbai , 2 june 1967 -rrb- is an indian politician .
farid boulaya -lrb- born 25 february 1993 -rrb- is a french professional footballer who currently plays as a midfielder for ligue 2 side clermont .
rehan jahangir poncha -lrb- ; born august 3 , 1986 in karnataka -rrb- is an indian swimmer , who specialized in backstroke , butterfly , and individual medley events .
giorgio calza -lrb- 20 july 1900 -- 31 march 1970 -rrb- was an italian wrestler .
carlo rambaldi -lrb- september 15 , 1925 -- august 10 , 2012 -rrb- was an italian special effects artist , winner of three oscars : one special achievement academy award for best visual effects in 1977 for the 1976 version of `` king kong '' and two academy awards for best visual effects in 1980 and 1983 for , respectively , `` alien '' -lrb- 1979 -rrb- and `` e.t. the extra-terrestrial '' -lrb- 1982 -rrb- .
hanna beata gronkiewicz-waltz -lrb- , born 4 november 1952 in warsaw -rrb- is a polish liberal politician who has been the mayor of warsaw since 2 december 2006 .
thomas patrick thornton -lrb- march 8 , 1898 -- july 1 , 1985 -rrb- was a united states federal judge .
christian lell -lrb- born 29 august 1984 in munich , bavaria -rrb- is a german football defender .
george william albert hendy , hereditary chief of the miskito nation was the grandson of h.m. george frederic augustus i , king of the miskito nation .
jonathan david `` doc '' schneider -lrb- born april 25 , 1987 in massapequa , new york -rrb- is a goaltender formerly of the hamilton nationals of major league lacrosse .
younan labib rizk -lrb- 27 october 1933 -- 14 january 2008 -rrb- was a prominent egyptian historian and literary figure .
achille emaná edzimbi -lrb- born 5 june 1982 -rrb- , known as emaná , is a cameroonian professional footballer who plays for spanish club gimnàstic de tarragona as an attacking midfielder .
grégoire puel -lrb- born 20 february 1992 in nice , france -rrb- is a french footballer who currently plays for french le havre ac .
michael joseph kelly -lrb- born may 22 , 1968 -rrb- is an american actor .
miroslav stevanović -lrb- serbian cyrillic : Мирослав Стевановић , born 29 july 1990 -rrb- is a bosnian footballer who plays for hungarian club győr , as a right winger .
zaurbek feliksovich kardanov -lrb- ; born september 17 , 1989 -rrb- is a russian professional football player who last played for fc avtodor vladikavkaz in the russian second division .
erron james maxey -lrb- born december 6 , 1978 -rrb- is an american professional basketball player who currently plays for the toowoomba mountaineers of the queensland basketball league -lrb- qbl -rrb- .
john hall -lrb- 1627 -- 1656 -rrb- , also known as john hall of durham , was an english poet , essayist and pamphleteer of the commonwealth period .
arup bose -lrb- born 1 april 1959 -rrb- is an indian statistician .
john gerard senden -lrb- born 20 april 1971 -rrb- is an australian professional golfer who plays on the pga tour .
Édouard-andré barnard -lrb- september 30 , 1835 -- august 19 , 1898 -rrb- was a lower canada born militia officer .
princess teresa czartoryska -lrb- 1785 -- 1868 -rrb- was a polish noble lady .
james f. brieske -lrb- may 4 , 1923 -- november 29 , 1968 -rrb- was an american football placekicker .
allari naresh -lrb- born edara naresh -rrb- is an indian film actor who stars in tollywood films .
blessed bernard mary of jesus , c.p. -lrb- 7 november 1831 -- 9 december 1911 -rrb- was a priest and member of the congregation of the passion , hailed as its ` second founder ' .
patrick `` pat '' poels -lrb- born 1968 -rrb- is an american professional poker player from mesa , arizona and a two-time world series of poker bracelet winner .
sigurd rushfeldt -lrb- born 11 december 1972 -rrb- is a norwegian footballer who is working as an assistant coach for tromsø as well as a player for lyngen/karnes .
richard andrew farley -lrb- 9 december 1952 -- 13 may 2006 -rrb- was an australian born journalist , politician , land rights and civil rights activist for the rights of indigenous australians .
joey mead king is a television personality , fashion lifestyle host , runway coach and is the model mentor/co-judge on popular reality show , asia 's next top model .
margot wilhelmina -lrb- `` wilma '' -rrb- teunisje van velsen -lrb- born 22 april 1964 in tiel , gelderland -rrb- is a former butterfly and freestyle swimmer from the netherlands , who twice competed for her country at the summer olympics , starting in 1980 in moscow , soviet union .
astrid bodin was a swedish actress who appeared in over 120 films .
gil waugh -lrb- born july 7 , 1959 -rrb- is a canadian science fiction author , poet and musician .
robert charles post -lrb- born october 17 , 1947 in brooklyn , ny -rrb- is dean -lrb- since 2009 -rrb- and a professor of law at yale law school .
admiral s. robert foley is a retired united states navy admiral .
frederik ruysch -lrb- march 28 , 1638 -- february 22 , 1731 -rrb- was a dutch botanist and anatomist , remembered for his developments in anatomical preservation and the creation of dioramas or scenes incorporating human parts .
lieutenant general scott c. black -lrb- born september 1 , 1952 -rrb- is a retired american military lawyer who was the judge advocate general of the united states army from october 1 , 2005 to october 1 , 2009 .
sarah burns is an american film and television actress and comedian , best known for playing krista on hbo 's `` enlightened '' .
kian emadi -lrb- born 29 july 1992 -rrb- is a british track cyclist .
mark mcleod -lrb- born 27 december 1968 -rrb- is a former australian rules footballer who played three games for richmond in the victorian football league -lrb- vfl -rrb- in 1989 .
dick doyle -lrb- 1888 -- 1959 -rrb- was a famous irish sportsperson who played hurling for mooncoin and kilkenny in the 1900s .
william l. mccall was a pitcher in negro league baseball .
abdirahman jama barre -lrb- , -rrb- -lrb- born 1937 -rrb- is a somali politician .
dauphin william osgood -lrb- chinese : or ; pinyin : `` kē wéiliáng '' ; foochow romanized : `` kŏ̤ Ùi-liòng '' ; november 5 , 1845 -- august 17 , 1880 -rrb- was an american board medical missionary to china .
leslie ann bradshaw , an american businesswoman , is the former chief operating officer , president and co-founder of jess3 .
blessed albert berdini , o.f.m. , -lrb- also known as albert of sarteano -rrb- was a franciscan friar and preacher , born in 1385 in the town of sarteano , which lies in the province of siena in the tuscan region of italy .
zachary `` zach '' mills -lrb- born december 26 , 1995 -rrb- is an american actor .
salcia venecia slack -lrb- born 10 december 1989 in st. james -rrb- is a jamaican athlete who specialises in the heptathlon .
richard jerome `` jerry '' thorpe -lrb- born 1926 -rrb- is an american tv and film director and producer .
karolina siódmiak -lrb- born 14 september 1981 -rrb- is a polish handball player .
mortimer sellers -lrb- m.n.s. sellers -rrb- -lrb- born 1959 -rrb- is a law professor , philosopher , and historian .
gianni letta -lrb- born april 15 , 1935 -rrb- is an italian lawyer , journalist and politician .
paloma pérez-lago gonzález -lrb- born 22 may 1967 in ferrol -rrb- is a spanish model and television presenter .
not related to the political activist michael reagan , adopted son of ronald reagan mike ragan , born hollis `` holly '' alan bane -lrb- february 18 , 1918 - august 25 , 1995 -rrb- , was an american actor of primarily western films and television but some dramatic roles too from the 1940s until 1968 .
tony ashton -lrb- march 1 , 1946 -- may 28 , 2001 -rrb- was an english rock pianist , keyboardist , singer , composer , producer and artist .
keiichi zaizen -lrb- 財前 恵一 , born 17 june 1968 -rrb- is a former japanese football player .
ole jørn myklebust -lrb- born 30 april 1977 in eidsdal , western norway -rrb- is a norwegian jazz musician -lrb- trumpet , flugelhorn and vocals -rrb- , educated at the norges musikkhøgskole .
tzvi moisesko was an israeli footballer who played in maccabi netanya and for the national team .
robert michael bobo -lrb- born -rrb- is an american college football coach and is the head coach of the colorado state rams football team .
archduke eugen ferdinand pius bernhard felix maria of austria-teschen -lrb- 21 may 1863 -- 30 december 1954 -rrb- was an archduke of austria and a prince of hungary and bohemia .
brad allen ottis -lrb- born august 2 , 1972 in wahoo , nebraska -rrb- is a former defensive end in the national football league .
gyula dobay -lrb- 18 november 1937 -- 2007 -rrb- was a freestyle swimmer from hungary .
robert hehedosh -lrb- ; born 2 may 1993 -rrb- is a ukrainian football midfielder of hungarian background who currently playing for fc hoverla uzhhorod in the ukrainian premier league .
anne-marie von schutzbar genannt milchling -lrb- 3 july 1903 -- 1 january 1991 -rrb- was the second wife of nikolaus , hereditary grand duke of oldenburg , pretender to the grand duchy of oldenburg .
camille mildred mather -lrb- march 16 , 1912 -- september 30 , 2008 -rrb- was a nurse and political figure .
etienne van der linde -lrb- born 25 february 1978 in johannesburg -rrb- is a south african racing driver .
luc dumont was born in 1969 in montreal , canada .
frank wilson asper -lrb- february 9 , 1892 -- november 8 , 1973 -rrb- was a latter-day saint composer and also mormon tabernacle organist beginning in 1925 .
donato creti -lrb- 24 february 1671 -- 31 january 1749 -rrb- was an italian painter of the rococo period , active mostly in bologna .
louis lentin was a theatre , film and television director .
thaer kroma -lrb- -rrb- -lrb- born 2 february 1990 in homs , syria -rrb- is a syrian footballer .
david holt -lrb- born march 10 , 1979 -rrb- -lrb- osage -rrb- is an american attorney , businessman and politician who has served as the majority whip of the oklahoma state senate .
robert taschereau , -lrb- september 10 , 1896 -- july 26 , 1970 -rrb- was a lawyer who became the 11th chief justice of the supreme court of canada and who briefly served as acting governor general of canada following the death of georges vanier in 1967 .
john hughes -lrb- born march 18 , 1954 -rrb- is a retired a canadian ice hockey defenceman .
christina oiticica -lrb- born on 23 november 1951 in rio de janeiro -rrb- is a brazilian artist .
scott edward kazmir -lrb- ; born january 24 , 1984 -rrb- is an american professional baseball pitcher for the houston astros of major league baseball -lrb- mlb -rrb- .
kevin leese mannix -lrb- born november 26 , 1949 -rrb- is a politician , business attorney , and former chairman of the republican party in the u.s. state of oregon .
ulrich surau -lrb- born august 19 , 1952 -rrb- is a retired german football player .
joseph henry unwin -lrb- september 15 , 1892 -- january 4 , 1987 -rrb- was a provincial level politician from alberta , canada .
ugo nespolo -lrb- born 29 august 1941 in mosso , biella -rrb- is an italian painter and sculptor , particularly known for his experimental films , his applied arts works and his artistic collaborations in advertising , theatre and literature .
shahabuddin ahmed -lrb- born 1 february 1930 -rrb- was the 12th president of bangladesh .
paul heyman -lrb- born september 11 , 1965 -rrb- is an american entertainment producer , writer , performer , and promoter , currently signed to wwe .
claudio cafiero -lrb- born september 19 , 1989 -rrb- is an italian professional football player who currently plays for aprilia , on loan from latina .
keith brian adamson -lrb- born 3 july 1945 in houghton-le-spring , england -rrb- is an english former footballer .
rachel leah ramras -lrb- born 1975 in phoenix , arizona -rrb- is an american actress , voice actress , comedienne , and television writer .
joey worthen -lrb- born december 3 , 1979 in salt lake city , utah -rrb- is an american soccer player currently playing for austin aztex in the ussf division 2 professional league .
john hall gladstone frs -lrb- 7 march 1827 -- 6 october 1902 -rrb- was a british chemist .
professor wilmot godfrey james mp -lrb- born 5 july 1953 -rrb- is a noted south african academic-turned-politician , who serves as the country 's shadow minister of health and as a member of parliament and federal chairperson for the opposition democratic alliance .
natalie grandin -lrb- born 27 february 1981 , in east london -rrb- is a retired professional tennis player from south africa .
daniel richmond edwards -lrb- april 9 , 1897 -- october 21 , 1967 -rrb- was an american soldier serving in the united states army during world war i who received the medal of honor for bravery .
louis oppenheim -lrb- 1879 -- 1936 -rrb- was a german graphic artist , painter and type designer .
jean-marc routhier -lrb- born february 2 , 1968 in quebec city , quebec -rrb- is a retired canadian ice hockey player who played 8 games for the quebec nordiques of the national hockey league .
valkmar erich -lrb- val -rrb- schneider is a retired canadian football executive and player .
hannah chaplin -lrb- august 11 , 1865 -- august 28 , 1928 -rrb- was an english stage and musical actress and the founding matriarch of the chaplin family of actors as the mother of sir charlie chaplin .
cassady lance -lrb- born 1985 -rrb- holds the title of miss georgia usa 2010 and competed in the miss usa 2010 pageant in las vegas , nevada .
vonny sweetland -lrb- born february 19 , 1990 -rrb- , better known as vonny the ken doll -lrb- a play on mattel toy `` ken carson '' -rrb- , is a canadian radio & television personality , music journalist , youth advocate , and spokesperson .
john roberts -lrb- march 31 , 1853 -- january 22 , 1949 -rrb- was a welsh anglican priest , writer and missionary in the bahamas and wyoming .
marie charlotte carmichael stopes -lrb- 15 october 1880 -- 2 october 1958 -rrb- was a british author , palaeobotanist , academic , eugenicist , campaigner for women 's rights , and pioneer in the field of birth control .
kevin daft -lrb- born november 19 , 1975 -rrb- is an american football coach and former professional quarterback .
sharon bayes -lrb- later speers , born 5 february 1965 -rrb- is a canadian former field hockey goalkeeper .
giovanni battistoni -lrb- 7 january 1910 in san giovanni lupatoto -- 10 january 1978 -rrb- was an italian football player .
james m. galloway is a united states medical doctor who serves as the regional health administrator for the united states department of health and human services for the six eastern states that comprise region v .
bill raftery -lrb- born april 19 , 1943 -rrb- is an american basketball analyst and former college basketball coach .
john christian watson -lrb- born john christian tanck ; 9 april 186718 november 1941 -rrb- , commonly known as chris watson , was a australian politician who served as the third prime minister of australia .
richard edward lajeskie -lrb- january 8 , 1926 -- august 15 , 1976 -rrb- was a second baseman in major league baseball .
sushma joshi -lrb- -rrb- -lrb- born may 26 , 1973 -rrb- is a nepali writer and filmmaker based in kathmandu , nepal .
don tapscott -lrb- born june 1 , 1947 -rrb- is a canadian business executive , author , consultant and speaker , specializing in business strategy , organizational transformation and the role of technology in business and society .
falguni pathak -lrb- , -rrb- -lrb- born march 12 , 1971 -rrb- is a female singer and performing artist from india , based in mumbai .
arabella weir -lrb- born 6 december 1957 -rrb- is a british comedienne , actress and writer .
len heard is an american darts player .
george benjamin stephens -lrb- born september 28 , 1867 in romeo , michigan -- august 5 , 1896 in armada , michigan -rrb- , was an american baseball player who played pitcher in the major leagues from 1892 to 1894 .
clifford downey -lrb- born -rrb- is a retired farmer and has served as a canadian federal politician from 1968 to 1972 .
terrill r. gilleland , jr -lrb- born april 11 , 1977 -rrb- in baltimore , maryland was a member of the maryland house of delegates .
stephen david `` steve '' roach -lrb- born 24 april 1962 in sydney -rrb- , nicknamed blocker or blocker roach , is an australian former rugby league prop forward of the 1980s and early 1990s .
terence kennedy `` terry '' mills -lrb- born 22 december 1957 -rrb- is an australian politician who was chief minister of the northern territory from 2012 to 2013 .
hsu hsin-liang -lrb- ; born 27 may 1941 in taoyuan county -lrb- now taoyuan city -rrb- , empire of japan -rrb- is a taiwanese politician , formerly chairman of the democratic progressive party -lrb- dpp -rrb- .
albin rogelj -lrb- born 20 february 1929 -rrb- was a yugoslavian ski jumper .
vivian chow -lrb- -rrb- is a hong kong based cantopop singer and actress .
john dimitri negroponte -lrb- ; born july 21 , 1939 -rrb- is a british - american diplomat of greek ancestry .
joël pelier -lrb- valentigney , 23 march 1962 -rrb- is a french former professional road bicycle racer .
raymond cyrus `` r.c. '' hoiles -lrb- november 24 , 1878 -- october 31 , 1970 -rrb- was an american newspaper publisher .
per hånberg -lrb- born february 10 , 1967 -rrb- is a swedish former professional ice hockey player .
fernando hernández -lrb- born june 16 , 1971 in santiago , dominican republic -rrb- is former major league baseball pitcher .
antoine jacques philippe de marigny de mandeville -lrb- 1811-1890 -rrb- , -lrb- also known as antoine james de marigny and mandeville de marigny -rrb- , was the son of bernard de marigny de mandeville and anna mathilde morales , and the son-in-law of william c. c. claiborne , the first governor of louisiana after statehood .
katherine margaret ellis , mp -lrb- born 22 september 1977 -rrb- is an australian politician , representing the federal division of adelaide for the australian labor party since 2004 .
michaela maree gehrmann -lrb- born 28 june 1984 -rrb- , who performs as micky green , is an australian-born blues and pop singer-songwriter .
dario toninelli -lrb- born 23 january 1992 -rrb- is an italian footballer who plays for italian serie c club varese .
