pope michael iii of alexandria -lrb- also known as khail iii -rrb- was the coptic pope of alexandria and patriarch of the see of st. mark -lrb- 880 -- 907 -rrb- .
hui jun is a male former table tennis player from china .
okan Öztürk -lrb- born 30 november 1977 -rrb- is a turkish professional footballer .
marie stephan , -lrb- born march 14 , 1996 -rrb- is a professional squash player who represents france .
leonard l. martino is a former democratic member of the pennsylvania house of representatives .
salome jens -lrb- born may 8 , 1935 -rrb- is an american stage , film and television actress .
carl demonte crawford -lrb- born august 5 , 1981 -rrb- , nicknamed `` the perfect storm '' , is an american professional baseball left fielder with the los angeles dodgers of major league baseball -lrb- mlb -rrb- .
jim bob -lrb- born james neil morrison on 22 november 1960 -rrb- is a british musician and author , best known as the singer of indie punk band carter usm .
riddick parker -lrb- born november 20 , 1972 in emporia , virginia -rrb- is a former professional american football defensive lineman for the seattle seahawks , san diego chargers , new england patriots , baltimore ravens , and san francisco 49ers of the national football league .
blessed osanna of cattaro t.o.s.d. -lrb- -rrb- was a catholic visionary and anchoress from cattaro -lrb- kotor -rrb- .
thaila ayala sales -lrb- born april 14 , 1986 in presidente prudente -rrb- is a brazilian actress and model .
sven leuenberger -lrb- born august 25 , 1969 in niederuzwil , switzerland -rrb- is a retired swiss professional ice hockey defender .
brett scott -lrb- born 10 april 1962 -rrb- is a former australian rules footballer who played with the sydney football club in the victorian football league during the 1980s .
marlon evans -lrb- born 3 august 1997 -rrb- is a guamanian international footballer who plays for wings in the guam men 's soccer league
jesper blicher -lrb- born 4 october 1988 -rrb- is a danish professional football midfielder , who currently plays for danish 1st division side lyngby boldklub .
stewart owen ford -lrb- born 1964 -rrb- is a british businessman , the founder and chief executive -lrb- ceo -rrb- of the failed financial company keydata .
chris galletta -lrb- born 1981 -rrb- is an american screenwriter .
barbara coombs lee , pa , fnp , jd , -lrb- born 1947 -rrb- is an american activist and president of compassion & choices , a national non-profit organization dedicated to expanding and protecting the rights of the terminally ill .
darren m. swain is an american politician , a democrat and a member of the maryland house of delegates .
paul charles quinn -lrb- born 21 july 1985 -rrb- is a scottish footballer who currently plays for aberdeen in the scottish premiership .
robert joseph motl -lrb- july 26 , 1920 -- june 3 , 2007 -rrb- was an american football end in the all-america football conference for the chicago rockets .
christiane soeder -lrb- born january 15 , 1975 in remscheid , north rhine-westphalia -rrb- is a german-born austrian road racing cyclist and former duathlete who now lives in vienna .
molwyn joseph is an antiguan politician and chairman of the antigua labour party -lrb- alp -rrb- .
edmond henri joseph reusens -lrb- b. in wijnegem -lrb- antwerp -rrb- , 25 april 1831 ; d. in leuven , 25 december 1903 -rrb- was a belgian archeologist and historian .
nicetas or niketas -lrb- -rrb- was the cousin of emperor heraclius .
kathy stanton was a sinn féin member of the northern ireland assembly from 2003 to 2007 in north belfast .
abigail `` abby '' elliott -lrb- born june 16 , 1987 -rrb- is an american actress and comedian best known for her four seasons as a cast member on `` saturday night live '' from 2008 to 2012 .
jeffrey thomas is a welsh-born new zealand actor , best known for his film , television and stage roles .
paul wilson brooks -lrb- 28 may 1921 -- 26 january 1946 -rrb- was an english cricketer .
andreas horvath -lrb- born 25 august 1968 in salzburg -rrb- is an austrian photographer and filmmaker .
asbjørn kragh andersen -lrb- born 9 april 1992 -rrb- is an danish cyclist , currently riding for uci continental team team trefor-blue water .
tigam alif farisma -lrb- born on august 6 , 1992 -rrb- is an indonesian footballer who currently plays for mitra kukar f.c. in the indonesia super league .
dale raoul , born karen dale raoul , is an american film and television actress perhaps best known for her role as maxine fortenberry , mother of hoyt fortenberry , on the hbo television series `` true blood '' .
ava acres is an american actress .
ernest wilson `` ernie '' young -lrb- 1893 -- after 1922 -rrb- was an english footballer who played as a centre forward in the football league for middlesbrough and darlington .
samia hamouda abbou -lrb- , born 3 november 1965 -rrb- is a tunisian lawyer and politician .
lotten sjödén -lrb- born 7 december 1994 -rrb- is a swedish biathlete .
shawan robinson -lrb- born september 7 , 1983 -rrb- is an american former professional basketball player .
christine isobel mcgaffey frederick -lrb- february 6 , 1883 -- april 6 , 1970 -rrb- was an american home economist and early 20th century exponent of taylorism as applied to the domestic sphere .
frank waln is an indigenous american -lrb- sicangu lakota -rrb- rapper , songwriter and activist from the rosebud sioux reservation in south dakota .
warren darst gill -lrb- december 21 , 1878 in ladoga , indiana -- november 26 , 1952 in laguna beach , california -rrb- nicknamed `` doc '' , was a professional baseball player who played first base for the pittsburgh pirates in the 1908 major leagues .
khawaja muhammad ibn muhammad ibn hasan tūsī -lrb- -rrb- -lrb- born 17 february 1201 in Ṭūs , khorasan -- died on 25 june 1274 in al-kāżimiyyah district of metropolitan baghdad -rrb- , better known as nasīr al-dīn tūsī -lrb- ; or simply tusi in the west -rrb- , was a persian polymath and prolific writer : an architect , astronomer , biologist , chemist , mathematician , philosopher , physician , physicist , scientist , theologian and marja taqleed .
sir hugh spencer lisle dundas cbe , dso & bar , dfc -lrb- 22 july 1920 -- 10 july 1995 -rrb- , nicknamed `` cocky '' , was a world war ii fighter pilot in the royal air force .
helen wagner -lrb- september 3 , 1918 -- may 1 , 2010 -rrb- was an american actress .
lieutenant-general sir andrew clarke , gcmg , cb , cie -lrb- 27 july 1824 -- 29 march 1902 -rrb- was a british soldier and governor , as well as a surveyor and politician in australia .
matt todd -lrb- born 24 march 1988 -rrb- is a new zealand rugby union footballer .
jonah kapena -lrb- died march 12 , 1868 -rrb- , also spelled iona kapena , was a royal advisor and statesman in the kingdom of hawaii who helped in the drafting of the 1840 constitution of the kingdom of hawaii .
chiara siracusa better known by her mononym chiara -lrb- born 25 september 1976 -rrb- , is a maltese singer .
donna marie christian-christensen , formerly donna christian-green -lrb- born september 19 , 1945 -rrb- , is a u.s. virgin islander physician and politician .
patrick zoundi -lrb- born 19 july 1982 -rrb- is a burkinabé footballer who plays for 1 .
anthony acid -lrb- born anthony caputo ; april 2 , 1965 -rrb- is an american dj , producer and remixer .
roxroy cato -lrb- born 5 january 1988 -rrb- is a jamaican athlete specialising in the 400 metres hurdles .
jacqueline ruth `` jacki '' weaver , ao -lrb- born 25 may 1947 -rrb- is an australian theatre , film , and television actress .
james donald -lrb- 18 may 1917 -- 3 august 1993 -rrb- was a scottish actor .
michael courtney jenkins putnam -lrb- born september 20 , 1933 -rrb- is an american classicist specializing in latin literature , but has also studied literature written in many other languages .
svend erik bjerg -lrb- born 16 november 1944 -rrb- is a former danish cyclist .
bill g. ingebrigtsen -lrb- born march 26 , 1952 -rrb- is a minnesota politician and member of the minnesota senate .
byzantine is a heavy metal band from charleston , west virginia that formed in 2000 .
joseph defilippis -lrb- born 1967 -rrb- is an american gay-rights and anti-poverty activist , who has served as executive director of two non-profit organizations and worked as a teacher , community organizer and public speaker .
peter berner is an australian comedian , radio and television presenter , probably best known as host of television 's `` the einstein factor '' .
emiliano ariel dudar -lrb- born 12 august 1981 in buenos aires -rrb- is an italian-argentine central defender who plays for deportivo merlo .
siw `` siwan '' gunnel margareta malmkvist -lrb- born 31 december 1936 -rrb- is a swedish singer who has been popular in scandinavia and west germany .
ivan duane irwin -lrb- born march 13 , 1927 -rrb- is a retired american-born canadian professional ice hockey defenseman who played 155 games in the national hockey league for the new york rangers and montreal canadiens .
jim melrose -lrb- born 7 october 1958 -rrb- is a scottish retired professional footballer who played as a striker .
sir anthony hart -lrb- c. 1754 - 1831 -rrb- was a british lawyer , and lord chancellor of ireland from 1827-30 .
baba deep singh -lrb- 1682 -- 1757 -rrb- is revered among sikhs as one of the most hallowed martyrs in sikhism and as a highly religious person .
joseph d. kearney is dean and professor of law at marquette university law school in milwaukee , wisconsin .
dmitry alexeyevich ivchenko -lrb- ; born july 8 , 1978 -rrb- is a russian professional association football player .
terrance richard `` dick '' duff -lrb- born february 18 , 1936 -rrb- is a retired canadian professional ice hockey forward who played 18 seasons for the montreal canadiens , toronto maple leafs , buffalo sabres , los angeles kings , and new york rangers in the national hockey league -lrb- nhl -rrb- .
claire conner mccaskill -lrb- ; born july 24 , 1953 -rrb- is an american politician and member of the democratic party who serves as the senior united states senator from missouri .
edward grey cooke -lrb- born may 3 , 1935 -rrb- is a retired american football defensive end/linebacker who played in both the national football league and the american football league .
ken morley -lrb- born 17 january 1943 -rrb- is an english actor and comedian .
